
> backend-edu-node24@1.0.0 test
> node --experimental-vm-modules node_modules/jest/bin/jest.js tests/unit/models/Model.test.js

  console.log
    ­ƒùä´©Å Base de datos conectada (Knex + Objection)

      at src/config/db.js:19:9

node.exe : 
(node:10784) 
ExperimentalWarning: 
VM Modules is an 
experimental feature 
and might change at 
any time
En línea: 1 
Carácter: 1
+ & "C:\Program Files
\nodejs/node.exe" "C:
\Users\ricar\AppData\
Roaming\ ...
+ ~~~~~~~~~~~~~~~~~~~
~~~~~~~~~~~~~~~~~~~~~
~~~~~~~~~~~~~~~~~~~~~
~~~~~~~~
    + CategoryInfo   
           : 
NotSpecified: ((    
node:10784) Ex...nge 
    at any 
time:String) [    ], 
RemoteException
    + 
FullyQualifiedError  
  Id : 
NativeCommandErr    
or
 
(Use `node 
--trace-warnings 
...` to show where 
the warning was 
created)
FAIL tests/unit/model
s/Model.test.js
  ÔùÅ Model Base 
Class ÔÇ║ tableName 
and primaryKey ÔÇ║ 
should throw error 
if tableName is not 
defined

    AggregateError:


  ÔùÅ Model Base 
Class ÔÇ║ tableName 
and primaryKey ÔÇ║ 
should return 
correct tableName

    AggregateError:


  ÔùÅ Model Base 
Class ÔÇ║ tableName 
and primaryKey ÔÇ║ 
should return 
correct primaryKey

    AggregateError:


  ÔùÅ Model Base 
Class ÔÇ║ tableName 
and primaryKey ÔÇ║ 
should use default 
primaryKey if not 
overridden

    AggregateError:


  ÔùÅ Model Base 
Class ÔÇ║ all() ÔÇ║ 
should return empty 
array when no 
records exist

    AggregateError:


  ÔùÅ Model Base 
Class ÔÇ║ all() ÔÇ║ 
should return all 
records

    AggregateError:


  ÔùÅ Model Base 
Class ÔÇ║ find() ÔÇ║ 
should return null 
when record does not 
exist

    AggregateError:


  ÔùÅ Model Base 
Class ÔÇ║ find() ÔÇ║ 
should find record 
by primary key

    AggregateError:


  ÔùÅ Model Base 
Class ÔÇ║ create() 
ÔÇ║ should create a 
new record

    AggregateError:


  ÔùÅ Model Base 
Class ÔÇ║ create() 
ÔÇ║ should return 
the created record 
with all fields

    AggregateError:


  ÔùÅ Model Base 
Class ÔÇ║ update() 
ÔÇ║ should update an 
existing record

    AggregateError:


  ÔùÅ Model Base 
Class ÔÇ║ update() 
ÔÇ║ should return 
undefined when 
updating 
non-existent record

    AggregateError:


  ÔùÅ Model Base 
Class ÔÇ║ update() 
ÔÇ║ should only 
update specified 
fields

    AggregateError:


  ÔùÅ Model Base 
Class ÔÇ║ delete() 
ÔÇ║ should delete a 
record

    AggregateError:


  ÔùÅ Model Base 
Class ÔÇ║ delete() 
ÔÇ║ should return 0 
when deleting 
non-existent record

    AggregateError:



  ÔùÅ Test suite 
failed to run

    AggregateError:


Test Suites: 1 
failed, 1 total
Tests:       15 
failed, 15 total
Snapshots:   0 total
Time:        1.848 
s, estimated 2 s
Ran all test suites 
matching tests/unit/m
odels/Model.test.js.
